------------------------------------------------------------
TimeQuest Timing Analyzer Summary
------------------------------------------------------------

Type  : Slow 1100mV 85C Model Setup 'clk'
Slack : -60.352
TNS   : -1025.984

Type  : Slow 1100mV 85C Model Hold 'clk'
Slack : 0.211
TNS   : 0.000

Type  : Slow 1100mV 85C Model Minimum Pulse Width 'clk'
Slack : 9.394
TNS   : 0.000

Type  : Slow 1100mV 0C Model Setup 'clk'
Slack : -60.782
TNS   : -1033.294

Type  : Slow 1100mV 0C Model Hold 'clk'
Slack : 0.088
TNS   : 0.000

Type  : Slow 1100mV 0C Model Minimum Pulse Width 'clk'
Slack : 9.309
TNS   : 0.000

Type  : Fast 1100mV 85C Model Setup 'clk'
Slack : -25.636
TNS   : -435.812

Type  : Fast 1100mV 85C Model Hold 'clk'
Slack : 0.148
TNS   : 0.000

Type  : Fast 1100mV 85C Model Minimum Pulse Width 'clk'
Slack : 9.418
TNS   : 0.000

Type  : Fast 1100mV 0C Model Setup 'clk'
Slack : -22.315
TNS   : -379.355

Type  : Fast 1100mV 0C Model Hold 'clk'
Slack : 0.081
TNS   : 0.000

Type  : Fast 1100mV 0C Model Minimum Pulse Width 'clk'
Slack : 9.416
TNS   : 0.000

------------------------------------------------------------
